
> fr-fantasy@0.0.0 build
> ng build

node.exe : - Generating browser application bundles (phase: setup)...
At C:\Program Files\nodejs\npm.ps1:29 char:3
+   & $NODE_EXE $NPM_CLI_JS $args
+   ~~~~~~~~~~~~~~~~~~~~~~~~~~~~~
    + CategoryInfo          : NotSpecified: (- Generating br...hase: setup)... 
   :String) [], RemoteException
    + FullyQualifiedErrorId : NativeCommandError
 
Ô£ö Browser application bundle generation complete.
Ô£ö Browser application bundle generation complete.

Warning: 
C:/my/projects/fantasy/src/app/components/standings/standings.component.scss 
exceeded maximum budget. Budget 8.00 kB was not met by 6.07 kB with a total of 
14.07 kB.

Warning: Ôû▓ [WARNING] Comments in CSS use "/* ... */" instead of "//" 
[js-comment-in-css]

    
C:/my/projects/fantasy/src/app/components/matches/matches.component.scss:2:18:
      2 Ôöé /******/ (() => { // webpackBootstrap
        ÔòÁ                   ~~



Warning: Ôû▓ [WARNING] Comments in CSS use "/* ... */" instead of "//" 
[js-comment-in-css]

    
C:/my/projects/fantasy/src/app/components/matches/matches.component.scss:15:10:
      15 Ôöé /******/  // startup
         ÔòÁ           ~~



Warning: Ôû▓ [WARNING] Comments in CSS use "/* ... */" instead of "//" 
[js-comment-in-css]

    
C:/my/projects/fantasy/src/app/components/matches/matches.component.scss:16:10:
      16 Ôöé /******/  // Load entry module and return exports
         ÔòÁ           ~~



Warning: Ôû▓ [WARNING] Comments in CSS use "/* ... */" instead of "//" 
[js-comment-in-css]

    
C:/my/projects/fantasy/src/app/components/matches/matches.component.scss:17:10:
      17 Ôöé /******/  // This entry module doesn't tell about it's top-level 
d...
         ÔòÁ           ~~



Warning: Ôû▓ [WARNING] Unexpected ";" [css-syntax-error]

    
C:/my/projects/fantasy/src/app/components/matches/matches.component.scss:1:12:
      1 Ôöé var resource;
        ÔòÁ             ^



Warning: Ôû▓ [WARNING] Unterminated string token [css-syntax-error]

    C:/my/projects/fantasy/src/app/components/matches/matches.component.scss:17
:100:
      17 Ôöé ...n't tell about it's top-level declarations so it can't be 
inlined
         ÔòÁ                                                                   
  ^



./src/app/components/header/header.component.scss?ngResource - Warning: Module 
Warning (from ./node_modules/postcss-loader/dist/cjs.js):
(327:3) from "autoprefixer" plugin: start value has mixed support, consider 
using flex-start instead

Code:
  justify-content: start


Warning: 
C:/my/projects/fantasy/src/app/components/header/header.component.scss 
exceeded maximum budget. Budget 8.00 kB was not met by 1.94 kB with a total of 
9.94 kB.

./src/app/components/league-h2h-page/league-h2h-page.component.scss?ngResource 
- Warning: Module Warning (from ./node_modules/postcss-loader/dist/cjs.js):
(516:3) from "autoprefixer" plugin: start value has mixed support, consider 
using flex-start instead

Code:
  align-items: start


./src/app/components/league-h2h-page/league-h2h-page.component.scss?ngResource 
- Warning: Module Warning (from ./node_modules/postcss-loader/dist/cjs.js):
(1083:3) from "autoprefixer" plugin: start value has mixed support, consider 
using flex-start instead

Code:
  justify-content: start


Warning: C:/my/projects/fantasy/src/app/components/league-h2h-page/league-h2h-p
age.component.scss exceeded maximum budget. Budget 8.00 kB was not met by 
20.32 kB with a total of 28.32 kB.

./src/app/components/cwc-page/cwc-page.component.scss?ngResource - Warning: 
Module Warning (from ./node_modules/postcss-loader/dist/cjs.js):
(826:3) from "autoprefixer" plugin: start value has mixed support, consider 
using flex-start instead

Code:
  justify-content: start


./src/app/components/cwc-page/cwc-page.component.scss?ngResource - Warning: 
Module Warning (from ./node_modules/postcss-loader/dist/cjs.js):
(870:3) from "autoprefixer" plugin: end value has mixed support, consider 
using flex-end instead

Code:
  align-items: end


./src/app/components/cwc-page/cwc-page.component.scss?ngResource - Warning: 
Module Warning (from ./node_modules/postcss-loader/dist/cjs.js):
(879:3) from "autoprefixer" plugin: end value has mixed support, consider 
using flex-end instead

Code:
  justify-content: end


Warning: 
C:/my/projects/fantasy/src/app/components/cwc-page/cwc-page.component.scss 
exceeded maximum budget. Budget 8.00 kB was not met by 18.09 kB with a total 
of 26.09 kB.

Warning: Ôû▓ [WARNING] Unexpected ";" [css-syntax-error]

    C:/my/projects/fantasy/src/app/components/schedule/schedule.component.scss:
1:12:
      1 Ôöé var resource;
        ÔòÁ             ^



Warning: Ôû▓ [WARNING] Comments in CSS use "/* ... */" instead of "//" 
[js-comment-in-css]

    C:/my/projects/fantasy/src/app/components/schedule/schedule.component.scss:
2:18:
      2 Ôöé /******/ (() => { // webpackBootstrap
        ÔòÁ                   ~~



Warning: Ôû▓ [WARNING] Comments in CSS use "/* ... */" instead of "//" 
[js-comment-in-css]

    C:/my/projects/fantasy/src/app/components/schedule/schedule.component.scss:
15:10:
      15 Ôöé /******/  // startup
         ÔòÁ           ~~



Warning: Ôû▓ [WARNING] Comments in CSS use "/* ... */" instead of "//" 
[js-comment-in-css]

    C:/my/projects/fantasy/src/app/components/schedule/schedule.component.scss:
16:10:
      16 Ôöé /******/  // Load entry module and return exports
         ÔòÁ           ~~



Warning: Ôû▓ [WARNING] Comments in CSS use "/* ... */" instead of "//" 
[js-comment-in-css]

    C:/my/projects/fantasy/src/app/components/schedule/schedule.component.scss:
17:10:
      17 Ôöé /******/  // This entry module doesn't tell about it's top-level 
d...
         ÔòÁ           ~~



Warning: Ôû▓ [WARNING] Unterminated string token [css-syntax-error]

    C:/my/projects/fantasy/src/app/components/schedule/schedule.component.scss:
17:100:
      17 Ôöé ...n't tell about it's top-level declarations so it can't be 
inlined
         ÔòÁ                                                                   
  ^



Warning: Ôû▓ [WARNING] Unexpected ";" [css-syntax-error]

    C:/my/projects/fantasy/src/app/components/league-page/league-page.component
.scss:1:12:
      1 Ôöé var resource;
        ÔòÁ             ^



Warning: Ôû▓ [WARNING] Comments in CSS use "/* ... */" instead of "//" 
[js-comment-in-css]

    C:/my/projects/fantasy/src/app/components/league-page/league-page.component
.scss:2:18:
      2 Ôöé /******/ (() => { // webpackBootstrap
        ÔòÁ                   ~~



Warning: Ôû▓ [WARNING] Comments in CSS use "/* ... */" instead of "//" 
[js-comment-in-css]

    C:/my/projects/fantasy/src/app/components/league-page/league-page.component
.scss:15:10:
      15 Ôöé /******/  // startup
         ÔòÁ           ~~



Warning: Ôû▓ [WARNING] Comments in CSS use "/* ... */" instead of "//" 
[js-comment-in-css]

    C:/my/projects/fantasy/src/app/components/league-page/league-page.component
.scss:16:10:
      16 Ôöé /******/  // Load entry module and return exports
         ÔòÁ           ~~



Warning: Ôû▓ [WARNING] Comments in CSS use "/* ... */" instead of "//" 
[js-comment-in-css]

    C:/my/projects/fantasy/src/app/components/league-page/league-page.component
.scss:17:10:
      17 Ôöé /******/  // This entry module doesn't tell about it's top-level 
d...
         ÔòÁ           ~~



Warning: Ôû▓ [WARNING] Unterminated string token [css-syntax-error]

    C:/my/projects/fantasy/src/app/components/league-page/league-page.component
.scss:17:100:
      17 Ôöé ...n't tell about it's top-level declarations so it can't be 
inlined
         ÔòÁ                                                                   
  ^





./src/app/components/matches/matches.component.scss?ngResource - Error: Module 
build failed (from ./node_modules/sass-loader/dist/cjs.js):
unmatched "}".
   ÔòÀ
76 Ôöé     }
   Ôöé     ^
   ÔòÁ
  src\app\components\matches\matches.component.scss 76:5  root stylesheet

./src/app/components/schedule/schedule.component.scss?ngResource - Error: 
Module build failed (from ./node_modules/sass-loader/dist/cjs.js):
expected "}".
    ÔòÀ
197 Ôöé   .special span { color: $special-place-font-color; background-color: 
$special-place-bg-color; }
    Ôöé                                                                        
                         ^
    ÔòÁ
  src\app\components\schedule\schedule.component.scss 197:97  root stylesheet

./src/app/components/league-page/league-page.component.scss?ngResource - 
Error: Module build failed (from ./node_modules/sass-loader/dist/cjs.js):
expected "}".
    ÔòÀ
226 Ôöé }
    Ôöé  ^
    ÔòÁ
  src\app\components\league-page\league-page.component.scss 226:2  root 
stylesheet


